******************************************************************************
             TMS320C2000 Linker PC v22.6.0                     
******************************************************************************
>> Linked Mon Jan 30 16:28:29 2023

OUTPUT FILE NAME:   <Example23_DSP2833x_LCD9648_EXTI.out>
ENTRY POINT SYMBOL: "_c_int00"  address: 0033910a


MEMORY CONFIGURATION

         name            origin    length      used     unused   attr    fill
----------------------  --------  ---------  --------  --------  ----  --------
PAGE 0:
  ZONE0                 00004000   00001000  00000000  00001000  RWIX
  RAML0                 00008000   00001000  0000001f  00000fe1  RWIX
  RAML1                 00009000   00001000  00000000  00001000  RWIX
  RAML2                 0000a000   00001000  00000000  00001000  RWIX
  RAML3                 0000b000   00001000  00000000  00001000  RWIX
  ZONE6A                00100000   0000fc00  00000000  0000fc00  RWIX
  ZONE7                 00200000   00100000  00000000  00100000  RWIX
  FLASHH                00300000   00008000  00000000  00008000  RWIX
  FLASHG                00308000   00008000  00000000  00008000  RWIX
  FLASHF                00310000   00008000  00000000  00008000  RWIX
  FLASHE                00318000   00008000  00000000  00008000  RWIX
  FLASHD                00320000   00008000  0000001f  00007fe1  RWIX
  FLASHC                00328000   00008000  00000000  00008000  RWIX
  FLASHA                00338000   00007f80  00001a93  000064ed  RWIX
  CSM_RSVD              0033ff80   00000076  00000000  00000076  RWIX
  BEGIN                 0033fff6   00000002  00000002  00000000  RWIX
  CSM_PWL               0033fff8   00000008  00000000  00000008  RWIX
  ADC_CAL               00380080   00000009  00000007  00000002  RWIX
  OTP                   00380400   00000400  00000000  00000400  RWIX
  IQTABLES              003fe000   00000b50  00000000  00000b50  RWIX
  IQTABLES2             003feb50   0000008c  00000000  0000008c  RWIX
  FPUTABLES             003febdc   000006a0  00000000  000006a0  RWIX
  ROM                   003ff27c   00000d44  00000000  00000d44  RWIX
  RESET                 003fffc0   00000002  00000000  00000002  RWIX
  VECTORS               003fffc2   0000003e  00000000  0000003e  RWIX

PAGE 1:
  BOOT_RSVD             00000000   00000050  00000000  00000050  RWIX
  RAMM0                 00000050   000003b0  00000000  000003b0  RWIX
  RAMM1                 00000400   00000400  00000300  00000100  RWIX
  DEV_EMU               00000880   00000180  000000d0  000000b0  RWIX
  FLASH_REGS            00000a80   00000060  00000008  00000058  RWIX
  CSM                   00000ae0   00000010  00000010  00000000  RWIX
  ADC_MIRROR            00000b00   00000010  00000010  00000000  RWIX
  XINTF                 00000b20   00000020  0000001e  00000002  RWIX
  CPU_TIMER0            00000c00   00000008  00000008  00000000  RWIX
  CPU_TIMER1            00000c08   00000008  00000008  00000000  RWIX
  CPU_TIMER2            00000c10   00000008  00000008  00000000  RWIX
  PIE_CTRL              00000ce0   00000020  0000001a  00000006  RWIX
  PIE_VECT              00000d00   00000100  00000100  00000000  RWIX
  DMA                   00001000   00000200  000000e0  00000120  RWIX
  MCBSPA                00005000   00000040  00000025  0000001b  RWIX
  MCBSPB                00005040   00000040  00000025  0000001b  RWIX
  ECANA                 00006000   00000040  00000034  0000000c  RWIX
  ECANA_LAM             00006040   00000040  00000040  00000000  RWIX
  ECANA_MOTS            00006080   00000040  00000040  00000000  RWIX
  ECANA_MOTO            000060c0   00000040  00000040  00000000  RWIX
  ECANA_MBOX            00006100   00000100  00000100  00000000  RWIX
  ECANB                 00006200   00000040  00000034  0000000c  RWIX
  ECANB_LAM             00006240   00000040  00000040  00000000  RWIX
  ECANB_MOTS            00006280   00000040  00000040  00000000  RWIX
  ECANB_MOTO            000062c0   00000040  00000040  00000000  RWIX
  ECANB_MBOX            00006300   00000100  00000100  00000000  RWIX
  EPWM1                 00006800   00000022  00000022  00000000  RWIX
  EPWM2                 00006840   00000022  00000022  00000000  RWIX
  EPWM3                 00006880   00000022  00000022  00000000  RWIX
  EPWM4                 000068c0   00000022  00000022  00000000  RWIX
  EPWM5                 00006900   00000022  00000022  00000000  RWIX
  EPWM6                 00006940   00000022  00000022  00000000  RWIX
  ECAP1                 00006a00   00000020  00000020  00000000  RWIX
  ECAP2                 00006a20   00000020  00000020  00000000  RWIX
  ECAP3                 00006a40   00000020  00000020  00000000  RWIX
  ECAP4                 00006a60   00000020  00000020  00000000  RWIX
  ECAP5                 00006a80   00000020  00000020  00000000  RWIX
  ECAP6                 00006aa0   00000020  00000020  00000000  RWIX
  EQEP1                 00006b00   00000040  00000040  00000000  RWIX
  EQEP2                 00006b40   00000040  00000040  00000000  RWIX
  GPIOCTRL              00006f80   00000040  0000002e  00000012  RWIX
  GPIODAT               00006fc0   00000020  00000020  00000000  RWIX
  GPIOINT               00006fe0   00000020  0000000a  00000016  RWIX
  SYSTEM                00007010   00000020  00000020  00000000  RWIX
  SPIA                  00007040   00000010  00000010  00000000  RWIX
  SCIA                  00007050   00000010  00000010  00000000  RWIX
  XINTRUPT              00007070   00000010  00000010  00000000  RWIX
  ADC                   00007100   00000020  0000001e  00000002  RWIX
  SCIB                  00007750   00000010  00000010  00000000  RWIX
  SCIC                  00007770   00000010  00000010  00000000  RWIX
  I2CA                  00007900   00000040  00000022  0000001e  RWIX
  RAML4                 0000c000   00001000  0000011c  00000ee4  RWIX
  RAML5                 0000d000   00001000  00000000  00001000  RWIX
  RAML6                 0000e000   00001000  00000000  00001000  RWIX
  RAML7                 0000f000   00001000  00000000  00001000  RWIX
  ZONE6B                0010fc00   00000400  00000000  00000400  RWIX
  FLASHB                00330000   00008000  00000000  00008000  RWIX
  CSM_PWL               0033fff8   00000008  00000008  00000000  RWIX


SECTION ALLOCATION MAP

 output                                  attributes/
section   page    origin      length       input sections
--------  ----  ----------  ----------   ----------------
ramfuncs   0    00320000    0000001f     RUN ADDR = 00008000
                  00320000    0000001b     DSP2833x_SysCtrl.obj (ramfuncs)
                  0032001b    00000004     DSP2833x_usDelay.obj (ramfuncs)

.cinit     0    003399fd    00000096     
                  003399fd    0000002a     main.obj (.cinit)
                  00339a27    00000014     time.obj (.cinit)
                  00339a3b    0000000e     rts2800_fpu32.lib : exit.c.obj (.cinit)
                  00339a49    0000000c     key.obj (.cinit)
                  00339a55    0000000c     uart.obj (.cinit)
                  00339a61    00000009     main.obj (.cinit:_humi)
                  00339a6a    00000009     main.obj (.cinit:_temp)
                  00339a73    00000008     exti.obj (.cinit)
                  00339a7b    00000006     main.obj (.cinit:_thre_lower)
                  00339a81    00000006     main.obj (.cinit:_thre_upper)
                  00339a87    00000005     rts2800_fpu32.lib : _lock.c.obj (.cinit:__lock)
                  00339a8c    00000005                       : _lock.c.obj (.cinit:__unlock)
                  00339a91    00000002     --HOLE-- [fill = 0]

DevEmuRegsFile 
*          1    00000880    000000d0     UNINITIALIZED
                  00000880    000000d0     DSP2833x_GlobalVariableDefs.obj (DevEmuRegsFile)

FlashRegsFile 
*          1    00000a80    00000008     UNINITIALIZED
                  00000a80    00000008     DSP2833x_GlobalVariableDefs.obj (FlashRegsFile)

CsmRegsFile 
*          1    00000ae0    00000010     UNINITIALIZED
                  00000ae0    00000010     DSP2833x_GlobalVariableDefs.obj (CsmRegsFile)

AdcMirrorFile 
*          1    00000b00    00000010     UNINITIALIZED
                  00000b00    00000010     DSP2833x_GlobalVariableDefs.obj (AdcMirrorFile)

XintfRegsFile 
*          1    00000b20    0000001e     UNINITIALIZED
                  00000b20    0000001e     DSP2833x_GlobalVariableDefs.obj (XintfRegsFile)

CpuTimer0RegsFile 
*          1    00000c00    00000008     UNINITIALIZED
                  00000c00    00000008     DSP2833x_GlobalVariableDefs.obj (CpuTimer0RegsFile)

CpuTimer1RegsFile 
*          1    00000c08    00000008     UNINITIALIZED
                  00000c08    00000008     DSP2833x_GlobalVariableDefs.obj (CpuTimer1RegsFile)

CpuTimer2RegsFile 
*          1    00000c10    00000008     UNINITIALIZED
                  00000c10    00000008     DSP2833x_GlobalVariableDefs.obj (CpuTimer2RegsFile)

PieCtrlRegsFile 
*          1    00000ce0    0000001a     UNINITIALIZED
                  00000ce0    0000001a     DSP2833x_GlobalVariableDefs.obj (PieCtrlRegsFile)

PieVectTableFile 
*          1    00000d00    00000100     UNINITIALIZED
                  00000d00    00000100     DSP2833x_GlobalVariableDefs.obj (PieVectTableFile)

DmaRegsFile 
*          1    00001000    000000e0     UNINITIALIZED
                  00001000    000000e0     DSP2833x_GlobalVariableDefs.obj (DmaRegsFile)

McbspaRegsFile 
*          1    00005000    00000025     UNINITIALIZED
                  00005000    00000025     DSP2833x_GlobalVariableDefs.obj (McbspaRegsFile)

McbspbRegsFile 
*          1    00005040    00000025     UNINITIALIZED
                  00005040    00000025     DSP2833x_GlobalVariableDefs.obj (McbspbRegsFile)

ECanaRegsFile 
*          1    00006000    00000034     UNINITIALIZED
                  00006000    00000034     DSP2833x_GlobalVariableDefs.obj (ECanaRegsFile)

ECanaLAMRegsFile 
*          1    00006040    00000040     UNINITIALIZED
                  00006040    00000040     DSP2833x_GlobalVariableDefs.obj (ECanaLAMRegsFile)

ECanaMOTSRegsFile 
*          1    00006080    00000040     UNINITIALIZED
                  00006080    00000040     DSP2833x_GlobalVariableDefs.obj (ECanaMOTSRegsFile)

ECanaMOTORegsFile 
*          1    000060c0    00000040     UNINITIALIZED
                  000060c0    00000040     DSP2833x_GlobalVariableDefs.obj (ECanaMOTORegsFile)

ECanaMboxesFile 
*          1    00006100    00000100     UNINITIALIZED
                  00006100    00000100     DSP2833x_GlobalVariableDefs.obj (ECanaMboxesFile)

ECanbRegsFile 
*          1    00006200    00000034     UNINITIALIZED
                  00006200    00000034     DSP2833x_GlobalVariableDefs.obj (ECanbRegsFile)

ECanbLAMRegsFile 
*          1    00006240    00000040     UNINITIALIZED
                  00006240    00000040     DSP2833x_GlobalVariableDefs.obj (ECanbLAMRegsFile)

ECanbMOTSRegsFile 
*          1    00006280    00000040     UNINITIALIZED
                  00006280    00000040     DSP2833x_GlobalVariableDefs.obj (ECanbMOTSRegsFile)

ECanbMOTORegsFile 
*          1    000062c0    00000040     UNINITIALIZED
                  000062c0    00000040     DSP2833x_GlobalVariableDefs.obj (ECanbMOTORegsFile)

ECanbMboxesFile 
*          1    00006300    00000100     UNINITIALIZED
                  00006300    00000100     DSP2833x_GlobalVariableDefs.obj (ECanbMboxesFile)

EPwm1RegsFile 
*          1    00006800    00000022     UNINITIALIZED
                  00006800    00000022     DSP2833x_GlobalVariableDefs.obj (EPwm1RegsFile)

EPwm2RegsFile 
*          1    00006840    00000022     UNINITIALIZED
                  00006840    00000022     DSP2833x_GlobalVariableDefs.obj (EPwm2RegsFile)

EPwm3RegsFile 
*          1    00006880    00000022     UNINITIALIZED
                  00006880    00000022     DSP2833x_GlobalVariableDefs.obj (EPwm3RegsFile)

EPwm4RegsFile 
*          1    000068c0    00000022     UNINITIALIZED
                  000068c0    00000022     DSP2833x_GlobalVariableDefs.obj (EPwm4RegsFile)

EPwm5RegsFile 
*          1    00006900    00000022     UNINITIALIZED
                  00006900    00000022     DSP2833x_GlobalVariableDefs.obj (EPwm5RegsFile)

EPwm6RegsFile 
*          1    00006940    00000022     UNINITIALIZED
                  00006940    00000022     DSP2833x_GlobalVariableDefs.obj (EPwm6RegsFile)

ECap1RegsFile 
*          1    00006a00    00000020     UNINITIALIZED
                  00006a00    00000020     DSP2833x_GlobalVariableDefs.obj (ECap1RegsFile)

ECap2RegsFile 
*          1    00006a20    00000020     UNINITIALIZED
                  00006a20    00000020     DSP2833x_GlobalVariableDefs.obj (ECap2RegsFile)

ECap3RegsFile 
*          1    00006a40    00000020     UNINITIALIZED
                  00006a40    00000020     DSP2833x_GlobalVariableDefs.obj (ECap3RegsFile)

ECap4RegsFile 
*          1    00006a60    00000020     UNINITIALIZED
                  00006a60    00000020     DSP2833x_GlobalVariableDefs.obj (ECap4RegsFile)

ECap5RegsFile 
*          1    00006a80    00000020     UNINITIALIZED
                  00006a80    00000020     DSP2833x_GlobalVariableDefs.obj (ECap5RegsFile)

ECap6RegsFile 
*          1    00006aa0    00000020     UNINITIALIZED
                  00006aa0    00000020     DSP2833x_GlobalVariableDefs.obj (ECap6RegsFile)

EQep1RegsFile 
*          1    00006b00    00000040     UNINITIALIZED
                  00006b00    00000040     DSP2833x_GlobalVariableDefs.obj (EQep1RegsFile)

EQep2RegsFile 
*          1    00006b40    00000040     UNINITIALIZED
                  00006b40    00000040     DSP2833x_GlobalVariableDefs.obj (EQep2RegsFile)

GpioCtrlRegsFile 
*          1    00006f80    0000002e     UNINITIALIZED
                  00006f80    0000002e     DSP2833x_GlobalVariableDefs.obj (GpioCtrlRegsFile)

GpioDataRegsFile 
*          1    00006fc0    00000020     UNINITIALIZED
                  00006fc0    00000020     DSP2833x_GlobalVariableDefs.obj (GpioDataRegsFile)

GpioIntRegsFile 
*          1    00006fe0    0000000a     UNINITIALIZED
                  00006fe0    0000000a     DSP2833x_GlobalVariableDefs.obj (GpioIntRegsFile)

SysCtrlRegsFile 
*          1    00007010    00000020     UNINITIALIZED
                  00007010    00000020     DSP2833x_GlobalVariableDefs.obj (SysCtrlRegsFile)

SpiaRegsFile 
*          1    00007040    00000010     UNINITIALIZED
                  00007040    00000010     DSP2833x_GlobalVariableDefs.obj (SpiaRegsFile)

SciaRegsFile 
*          1    00007050    00000010     UNINITIALIZED
                  00007050    00000010     DSP2833x_GlobalVariableDefs.obj (SciaRegsFile)

XIntruptRegsFile 
*          1    00007070    00000010     UNINITIALIZED
                  00007070    00000010     DSP2833x_GlobalVariableDefs.obj (XIntruptRegsFile)

AdcRegsFile 
*          1    00007100    0000001e     UNINITIALIZED
                  00007100    0000001e     DSP2833x_GlobalVariableDefs.obj (AdcRegsFile)

ScibRegsFile 
*          1    00007750    00000010     UNINITIALIZED
                  00007750    00000010     DSP2833x_GlobalVariableDefs.obj (ScibRegsFile)

ScicRegsFile 
*          1    00007770    00000010     UNINITIALIZED
                  00007770    00000010     DSP2833x_GlobalVariableDefs.obj (ScicRegsFile)

I2caRegsFile 
*          1    00007900    00000022     UNINITIALIZED
                  00007900    00000022     DSP2833x_GlobalVariableDefs.obj (I2caRegsFile)

CsmPwlFile 
*          1    0033fff8    00000008     UNINITIALIZED
                  0033fff8    00000008     DSP2833x_GlobalVariableDefs.obj (CsmPwlFile)

.pinit     0    00338000    00000000     UNINITIALIZED

.text      0    00338000    00001380     
                  00338000    00000323     DSP2833x_DefaultIsr.obj (.text:retain)
                  00338323    000002b2     main.obj (.text)
                  003385d5    00000210     iic.obj (.text)
                  003387e5    0000020d     lcd9648.obj (.text)
                  003389f2    00000110     key.obj (.text)
                  00338b02    000000fb     uart.obj (.text)
                  00338bfd    000000f7     DSP2833x_SysCtrl.obj (.text)
                  00338cf4    000000c7     exti.obj (.text:retain)
                  00338dbb    000000bc     uart.obj (.text:retain)
                  00338e77    000000a6     time.obj (.text)
                  00338f1d    00000088     rts2800_fpu32.lib : fs_div28.asm.obj (.text)
                  00338fa5    00000085     sht30.obj (.text)
                  0033902a    0000007b     DSP2833x_CpuTimers.obj (.text)
                  003390a5    00000065     time.obj (.text:retain)
                  0033910a    00000056     rts2800_fpu32.lib : boot28.asm.obj (.text)
                  00339160    00000045     DSP2833x_Sci.obj (.text)
                  003391a5    00000044     leds.obj (.text)
                  003391e9    00000039     Dcmotor.obj (.text)
                  00339222    0000002c     beep.obj (.text)
                  0033924e    00000029     rts2800_fpu32.lib : exit.c.obj (.text)
                  00339277    00000028     DSP2833x_PieCtrl.obj (.text)
                  0033929f    00000024     rts2800_fpu32.lib : cpy_tbl.c.obj (.text)
                  003392c3    00000022                       : i_div28.asm.obj (.text)
                  003392e5    00000020     DSP2833x_PieVect.obj (.text)
                  00339305    0000001d     rts2800_fpu32.lib : memcpy.c.obj (.text)
                  00339322    0000001a     epwm.obj (.text:retain)
                  0033933c    00000013     DSP2833x_MemCopy.obj (.text)
                  0033934f    00000012     rts2800_fpu32.lib : args_main.c.obj (.text)
                  00339361    0000000b                       : u_div28.asm.obj (.text)
                  0033936c    00000009                       : _lock.c.obj (.text)
                  00339375    00000008     DSP2833x_CodeStartBranch.obj (.text)
                  0033937d    00000002     rts2800_fpu32.lib : pre_init.c.obj (.text)
                  0033937f    00000001                       : startup.c.obj (.text)

codestart 
*          0    0033fff6    00000002     
                  0033fff6    00000002     DSP2833x_CodeStartBranch.obj (codestart)

.stack     1    00000400    00000300     UNINITIALIZED
                  00000400    00000300     --HOLE--

.ebss      1    0000c000    0000011c     UNINITIALIZED
                  0000c000    00000064     uart.obj (.ebss:_SCIA_RxBUF)
                  0000c064    00000018     DSP2833x_CpuTimers.obj (.ebss)
                  0000c07c    00000003     main.obj (.ebss:_thre_lower)
                  0000c07f    00000001     --HOLE--
                  0000c080    00000064     uart.obj (.ebss:_SCIB_RxBUF)
                  0000c0e4    0000000c     main.obj (.ebss)
                  0000c0f0    00000008     uart.obj (.ebss)
                  0000c0f8    00000006     main.obj (.ebss:_humi)
                  0000c0fe    00000002     rts2800_fpu32.lib : _lock.c.obj (.ebss:__lock)
                  0000c100    00000006     main.obj (.ebss:_temp)
                  0000c106    00000006     rts2800_fpu32.lib : exit.c.obj (.ebss)
                  0000c10c    00000005     time.obj (.ebss)
                  0000c111    00000003     main.obj (.ebss:_thre_upper)
                  0000c114    00000003     key.obj (.ebss)
                  0000c117    00000001     --HOLE--
                  0000c118    00000002     rts2800_fpu32.lib : _lock.c.obj (.ebss:__unlock)
                  0000c11a    00000002     exti.obj (.ebss)

.econst    0    00339380    0000067d     
                  00339380    00000286     lcd9648.obj (.econst:_CN16CHAR)
                  00339606    00000286     lcd9648.obj (.econst:_CN8CHAR)
                  0033988c    00000100     DSP2833x_PieVect.obj (.econst:_PieVectTableInit)
                  0033998c    00000071     main.obj (.econst:.string)

.reset     0    003fffc0    00000002     DSECT
                  003fffc0    00000002     rts2800_fpu32.lib : boot28.asm.obj (.reset)

vectors    0    003fffc2    00000000     DSECT

.adc_cal   0    00380080    00000007     NOLOAD SECTION
                  00380080    00000007     DSP2833x_ADC_cal.obj (.adc_cal)

MODULE SUMMARY

       Module                            code   initialized data   uninitialized data
       ------                            ----   ----------------   ------------------
    .\APP\DC_Motor\
       Dcmotor.obj                       57     0                  0                 
    +--+---------------------------------+------+------------------+--------------------+
       Total:                            57     0                  0                 
                                                                                     
    .\APP\beep\
       beep.obj                          44     0                  0                 
    +--+---------------------------------+------+------------------+--------------------+
       Total:                            44     0                  0                 
                                                                                     
    .\APP\epwm\
       epwm.obj                          26     0                  0                 
    +--+---------------------------------+------+------------------+--------------------+
       Total:                            26     0                  0                 
                                                                                     
    .\APP\exti\
       exti.obj                          199    8                  2                 
    +--+---------------------------------+------+------------------+--------------------+
       Total:                            199    8                  2                 
                                                                                     
    .\APP\iic\
       iic.obj                           528    0                  0                 
    +--+---------------------------------+------+------------------+--------------------+
       Total:                            528    0                  0                 
                                                                                     
    .\APP\key\
       key.obj                           272    12                 3                 
    +--+---------------------------------+------+------------------+--------------------+
       Total:                            272    12                 3                 
                                                                                     
    .\APP\lcd9648\
       lcd9648.obj                       525    1292               0                 
    +--+---------------------------------+------+------------------+--------------------+
       Total:                            525    1292               0                 
                                                                                     
    .\APP\leds\
       leds.obj                          68     0                  0                 
    +--+---------------------------------+------+------------------+--------------------+
       Total:                            68     0                  0                 
                                                                                     
    .\APP\sht30\
       sht30.obj                         133    0                  0                 
    +--+---------------------------------+------+------------------+--------------------+
       Total:                            133    0                  0                 
                                                                                     
    .\APP\time\
       time.obj                          267    20                 5                 
    +--+---------------------------------+------+------------------+--------------------+
       Total:                            267    20                 5                 
                                                                                     
    .\APP\uart\
       uart.obj                          439    12                 208               
    +--+---------------------------------+------+------------------+--------------------+
       Total:                            439    12                 208               
                                                                                     
    .\DSP2833x_Libraries\
       DSP2833x_GlobalVariableDefs.obj   0      0                  2678              
       DSP2833x_DefaultIsr.obj           803    0                  0                 
       DSP2833x_SysCtrl.obj              301    0                  0                 
       DSP2833x_PieVect.obj              32     256                0                 
       DSP2833x_CpuTimers.obj            123    0                  24                
       DSP2833x_Sci.obj                  69     0                  0                 
       DSP2833x_PieCtrl.obj              40     0                  0                 
       DSP2833x_MemCopy.obj              19     0                  0                 
       DSP2833x_CodeStartBranch.obj      10     0                  0                 
       DSP2833x_usDelay.obj              8      0                  0                 
       DSP2833x_ADC_cal.obj              7      0                  0                 
    +--+---------------------------------+------+------------------+--------------------+
       Total:                            1412   256                2702              
                                                                                     
    .\USER\
       main.obj                          690    185                30                
    +--+---------------------------------+------+------------------+--------------------+
       Total:                            690    185                30                
                                                                                     
    D:\ccs\ccs\tools\compiler\ti-cgt-c2000_22.6.0.LTS\lib\rts2800_fpu32.lib
       fs_div28.asm.obj                  136    0                  0                 
       boot28.asm.obj                    86     0                  0                 
       exit.c.obj                        41     14                 6                 
       cpy_tbl.c.obj                     36     0                  0                 
       i_div28.asm.obj                   34     0                  0                 
       memcpy.c.obj                      29     0                  0                 
       _lock.c.obj                       9      10                 4                 
       args_main.c.obj                   18     0                  0                 
       u_div28.asm.obj                   11     0                  0                 
       pre_init.c.obj                    2      0                  0                 
       startup.c.obj                     1      0                  0                 
    +--+---------------------------------+------+------------------+--------------------+
       Total:                            403    24                 10                
                                                                                     
       Stack:                            0      0                  768               
    +--+---------------------------------+------+------------------+--------------------+
       Grand Total:                      5063   1809               3728              


GLOBAL DATA SYMBOLS: SORTED BY DATA PAGE

address     data page           name
--------    ----------------    ----
00000400      10 (00000400)     __stack

00000880      22 (00000880)     _DevEmuRegs

00000a80      2a (00000a80)     _FlashRegs

00000ae0      2b (00000ac0)     _CsmRegs

00000b00      2c (00000b00)     _AdcMirror
00000b20      2c (00000b00)     _XintfRegs

00000c00      30 (00000c00)     _CpuTimer0Regs
00000c08      30 (00000c00)     _CpuTimer1Regs
00000c10      30 (00000c00)     _CpuTimer2Regs

00000ce0      33 (00000cc0)     _PieCtrlRegs

00000d00      34 (00000d00)     _PieVectTable

00001000      40 (00001000)     _DmaRegs

00005000     140 (00005000)     _McbspaRegs

00005040     141 (00005040)     _McbspbRegs

00006000     180 (00006000)     _ECanaRegs

00006040     181 (00006040)     _ECanaLAMRegs

00006080     182 (00006080)     _ECanaMOTSRegs

000060c0     183 (000060c0)     _ECanaMOTORegs

00006100     184 (00006100)     _ECanaMboxes

00006200     188 (00006200)     _ECanbRegs

00006240     189 (00006240)     _ECanbLAMRegs

00006280     18a (00006280)     _ECanbMOTSRegs

000062c0     18b (000062c0)     _ECanbMOTORegs

00006300     18c (00006300)     _ECanbMboxes

00006800     1a0 (00006800)     _EPwm1Regs

00006840     1a1 (00006840)     _EPwm2Regs

00006880     1a2 (00006880)     _EPwm3Regs

000068c0     1a3 (000068c0)     _EPwm4Regs

00006900     1a4 (00006900)     _EPwm5Regs

00006940     1a5 (00006940)     _EPwm6Regs

00006a00     1a8 (00006a00)     _ECap1Regs
00006a20     1a8 (00006a00)     _ECap2Regs

00006a40     1a9 (00006a40)     _ECap3Regs
00006a60     1a9 (00006a40)     _ECap4Regs

00006a80     1aa (00006a80)     _ECap5Regs
00006aa0     1aa (00006a80)     _ECap6Regs

00006b00     1ac (00006b00)     _EQep1Regs

00006b40     1ad (00006b40)     _EQep2Regs

00006f80     1be (00006f80)     _GpioCtrlRegs

00006fc0     1bf (00006fc0)     _GpioDataRegs
00006fe0     1bf (00006fc0)     _GpioIntRegs

00007010     1c0 (00007000)     _SysCtrlRegs

00007040     1c1 (00007040)     _SpiaRegs
00007050     1c1 (00007040)     _SciaRegs
00007070     1c1 (00007040)     _XIntruptRegs

00007100     1c4 (00007100)     _AdcRegs

00007750     1dd (00007740)     _ScibRegs
00007770     1dd (00007740)     _ScicRegs

00007900     1e4 (00007900)     _I2caRegs

0000c000     300 (0000c000)     _SCIA_RxBUF

0000c064     301 (0000c040)     _CpuTimer0
0000c06c     301 (0000c040)     _CpuTimer1
0000c074     301 (0000c040)     _CpuTimer2
0000c07c     301 (0000c040)     _thre_lower

0000c080     302 (0000c080)     _SCIB_RxBUF

0000c0e4     303 (0000c0c0)     _threshold_upper
0000c0e5     303 (0000c0c0)     _threshold_lower
0000c0e6     303 (0000c0c0)     _threshold_upper_temp
0000c0e7     303 (0000c0c0)     _threshold_lower_temp
0000c0e8     303 (0000c0c0)     _key_lcd
0000c0e9     303 (0000c0c0)     _data_page
0000c0ea     303 (0000c0c0)     _settings_page
0000c0eb     303 (0000c0c0)     _fan_rotate
0000c0ec     303 (0000c0c0)     _temperature
0000c0ee     303 (0000c0c0)     _humidity
0000c0f0     303 (0000c0c0)     _Flag_Uarta_Receive
0000c0f1     303 (0000c0c0)     _Flag_Uartb_Receive
0000c0f2     303 (0000c0c0)     _Flag_Uartb_Receive_OK
0000c0f3     303 (0000c0c0)     _Uarta_STA
0000c0f4     303 (0000c0c0)     _Uartb_STA
0000c0f6     303 (0000c0c0)     _msg
0000c0f8     303 (0000c0c0)     _humi
0000c0fe     303 (0000c0c0)     __lock

0000c100     304 (0000c100)     _temp
0000c106     304 (0000c100)     ___TI_enable_exit_profile_output
0000c108     304 (0000c100)     ___TI_cleanup_ptr
0000c10a     304 (0000c100)     ___TI_dtors_ptr
0000c10c     304 (0000c100)     _count_5s
0000c10d     304 (0000c100)     _flag_5s
0000c10e     304 (0000c100)     _count_2s
0000c10f     304 (0000c100)     _flag_2s
0000c110     304 (0000c100)     _key
0000c111     304 (0000c100)     _thre_upper
0000c118     304 (0000c100)     __unlock
0000c11a     304 (0000c100)     _flag_key
0000c11b     304 (0000c100)     _key_code

00339380    ce4e (00339380)     _CN16CHAR

00339606    ce58 (00339600)     _CN8CHAR

0033988c    ce62 (00339880)     _PieVectTableInit

0033fff8    cfff (0033ffc0)     _CsmPwl


GLOBAL SYMBOLS: SORTED ALPHABETICALLY BY Name 

page  address   name                            
----  -------   ----                            
0     00338000  .text                           
0     0033924e  C$$EXIT                         
0     00338f1d  FS$$DIV                         
0     003392c3  I$$DIV                          
0     003392d4  I$$MOD                          
0     00339361  U$$DIV                          
0     00339366  U$$MOD                          
0     003380e6  _ADCINT_ISR                     
0     00380080  _ADC_cal                        
1     00000b00  _AdcMirror                      
1     00007100  _AdcRegs                        
0     00339222  _BEEP_Init                      
0     00339236  _BEEP_Play                      
0     00339249  _BEEP_STOP                      
0     00339380  _CN16CHAR                       
0     00339606  _CN8CHAR                        
0     0033906b  _ConfigCpuTimer                 
1     0000c064  _CpuTimer0                      
1     00000c00  _CpuTimer0Regs                  
1     0000c06c  _CpuTimer1                      
1     00000c08  _CpuTimer1Regs                  
1     0000c074  _CpuTimer2                      
1     00000c10  _CpuTimer2Regs                  
1     0033fff8  _CsmPwl                         
1     00000ae0  _CsmRegs                        
0     00338cc3  _CsmUnlock                      
0     00338014  _DATALOG_ISR                    
0     003391e9  _DC_Motor_Init                  
0     00338208  _DINTCH1_ISR                    
0     00338212  _DINTCH2_ISR                    
0     0033821c  _DINTCH3_ISR                    
0     00338226  _DINTCH4_ISR                    
0     00338230  _DINTCH5_ISR                    
0     0033823a  _DINTCH6_ISR                    
0     0000801b  _DSP28x_usDelay                 
1     00000880  _DevEmuRegs                     
0     00338c10  _DisableDog                     
1     00001000  _DmaRegs                        
0     00338294  _ECAN0INTA_ISR                  
0     003382a8  _ECAN0INTB_ISR                  
0     0033829e  _ECAN1INTA_ISR                  
0     003382b2  _ECAN1INTB_ISR                  
0     0033817c  _ECAP1_INT_ISR                  
0     00338186  _ECAP2_INT_ISR                  
0     00338190  _ECAP3_INT_ISR                  
0     0033819a  _ECAP4_INT_ISR                  
0     003381a4  _ECAP5_INT_ISR                  
0     003381ae  _ECAP6_INT_ISR                  
1     00006040  _ECanaLAMRegs                   
1     000060c0  _ECanaMOTORegs                  
1     00006080  _ECanaMOTSRegs                  
1     00006100  _ECanaMboxes                    
1     00006000  _ECanaRegs                      
1     00006240  _ECanbLAMRegs                   
1     000062c0  _ECanbMOTORegs                  
1     00006280  _ECanbMOTSRegs                  
1     00006300  _ECanbMboxes                    
1     00006200  _ECanbRegs                      
1     00006a00  _ECap1Regs                      
1     00006a20  _ECap2Regs                      
1     00006a40  _ECap3Regs                      
1     00006a60  _ECap4Regs                      
1     00006a80  _ECap5Regs                      
1     00006aa0  _ECap6Regs                      
0     00338302  _EMPTY_ISR                      
0     00338028  _EMUINT_ISR                     
0     00338140  _EPWM1_INT_ISR                  
0     00338104  _EPWM1_TZINT_ISR                
0     0033814a  _EPWM2_INT_ISR                  
0     0033810e  _EPWM2_TZINT_ISR                
0     00338154  _EPWM3_INT_ISR                  
0     00338118  _EPWM3_TZINT_ISR                
0     0033815e  _EPWM4_INT_ISR                  
0     00338122  _EPWM4_TZINT_ISR                
0     00338168  _EPWM5_INT_ISR                  
0     0033812c  _EPWM5_TZINT_ISR                
0     00338172  _EPWM6_INT_ISR                  
0     00338136  _EPWM6_TZINT_ISR                
1     00006800  _EPwm1Regs                      
1     00006840  _EPwm2Regs                      
1     00006880  _EPwm3Regs                      
1     000068c0  _EPwm4Regs                      
1     00006900  _EPwm5Regs                      
1     00006940  _EPwm6Regs                      
0     003381b8  _EQEP1_INT_ISR                  
0     003381c2  _EQEP2_INT_ISR                  
1     00006b00  _EQep1Regs                      
1     00006b40  _EQep2Regs                      
0     00338cf4  _EXTI1_IRQn                     
0     00338d99  _EXTI2_IRQn                     
0     00339296  _EnableInterrupts               
1     0000c0f0  _Flag_Uarta_Receive             
1     0000c0f1  _Flag_Uartb_Receive             
1     0000c0f2  _Flag_Uartb_Receive_OK          
1     00000a80  _FlashRegs                      
1     00006f80  _GpioCtrlRegs                   
1     00006fc0  _GpioDataRegs                   
1     00006fe0  _GpioIntRegs                    
0     00338244  _I2CINT1A_ISR                   
0     0033824e  _I2CINT2A_ISR                   
1     00007900  _I2caRegs                       
0     003385d5  _IICA_Init                      
0     003386dd  _IICB_Init                      
0     0033864f  _IIC_Ack                        
0     00338757  _IIC_B_Ack                      
0     00338770  _IIC_B_NAck                     
0     003387ba  _IIC_B_Read_Byte                
0     00338789  _IIC_B_Send_Byte                
0     00338707  _IIC_B_Start                    
0     0033871e  _IIC_B_Stop                     
0     00338733  _IIC_B_Wait_Ack                 
0     00338668  _IIC_NAck                       
0     003386b2  _IIC_Read_Byte                  
0     00338681  _IIC_Send_Byte                  
0     003385ff  _IIC_Start                      
0     00338616  _IIC_Stop                       
0     0033862b  _IIC_Wait_Ack                   
0     0033803c  _ILLEGAL_ISR                    
0     00338000  _INT13_ISR                      
0     0033800a  _INT14_ISR                      
0     0033902a  _InitCpuTimers                  
0     00008000  _InitFlash                      
0     00338c68  _InitPeripheralClocks           
0     00339277  _InitPieCtrl                    
0     003392e5  _InitPieVectTable               
0     00338c18  _InitPll                        
0     00339160  _InitSci                        
0     00339161  _InitSciGpio                    
0     00339166  _InitSciaGpio                   
0     0033917b  _InitScibGpio                   
0     0033918f  _InitScicGpio                   
0     00338bfd  _InitSysCtrl                    
0     003389f2  _KEY_Init                       
0     00338a28  _KEY_Scan                       
0     00338891  _LCD9648_Clear                  
0     003389a8  _LCD9648_ClearTest              
0     00338839  _LCD9648_GPIO_Init              
0     0033885b  _LCD9648_Init                   
0     003387e5  _LCD9648_SendData               
0     003388b4  _LCD9648_Write16CnCHAR          
0     00338935  _LCD9648_Write8CnCHAR           
0     0033880b  _LCD9648_WriteCmd               
0     00338822  _LCD9648_WriteData              
0     003391a5  _LED_Init                       
0     003382f8  _LUF_ISR                        
0     003382ee  _LVF_ISR                        
0     003381f4  _MRINTA_ISR                     
0     003381e0  _MRINTB_ISR                     
0     003381fe  _MXINTA_ISR                     
0     003381ea  _MXINTB_ISR                     
1     00005000  _McbspaRegs                     
1     00005040  _McbspbRegs                     
0     00339018  _Measure_Peroid_Mode            
0     0033933c  _MemCopy                        
0     00338032  _NMI_ISR                        
0     0033830f  _PIE_RESERVED                   
1     00000ce0  _PieCtrlRegs                    
1     00000d00  _PieVectTable                   
0     0033988c  _PieVectTableInit               
0     00338fbd  _READ_IIC_B_DATA                
0     0033801e  _RTOSINT_ISR                    
0     0032001f  _RamfuncsLoadEnd                
0     00320000  _RamfuncsLoadStart              
0     00008000  _RamfuncsRunStart               
0     00338dbb  _SCIA_RXIRQn                    
1     0000c000  _SCIA_RxBUF                     
0     00338e1c  _SCIB_RXIRQn                    
1     0000c080  _SCIB_RxBUF                     
0     0033826c  _SCIRXINTA_ISR                  
0     00338280  _SCIRXINTB_ISR                  
0     00338258  _SCIRXINTC_ISR                  
0     00338276  _SCITXINTA_ISR                  
0     0033828a  _SCITXINTB_ISR                  
0     00338262  _SCITXINTC_ISR                  
0     003385f7  _SDA_IN                         
0     003386ff  _SDA_IN_B                       
0     003385ef  _SDA_OUT                        
0     003386f7  _SDA_OUT_B                      
0     003380be  _SEQ1INT_ISR                    
0     003380c8  _SEQ2INT_ISR                    
0     00338fa5  _SHT30_Init                     
0     003381cc  _SPIRXINTA_ISR                  
0     003381d6  _SPITXINTA_ISR                  
1     00007050  _SciaRegs                       
1     00007750  _ScibRegs                       
1     00007770  _ScicRegs                       
0     00338c06  _ServiceDog                     
1     00007040  _SpiaRegs                       
1     00007010  _SysCtrlRegs                    
0     003390a5  _TIM0_IRQn                      
0     00338e77  _TIM0_Init                      
0     003390c6  _TIM1_IRQn                      
0     00338eb1  _TIM1_Init                      
0     003390fa  _TIM2_IRQn                      
0     00338ee7  _TIM2_Init                      
0     003380f0  _TINT0_ISR                      
0     00338539  _ThresholdAdd                   
0     00338557  _ThresholdSub                   
0     00338b6c  _UARTa_Clear                    
0     00338b02  _UARTa_Init                     
0     00338b4d  _UARTa_SendByte                 
0     00338b59  _UARTa_SendString               
0     00338beb  _UARTb_Clear                    
0     00338b81  _UARTb_Init                     
0     00338bcc  _UARTb_SendByte                 
0     00338bd8  _UARTb_SendString               
0     003380a0  _USER10_ISR                     
0     003380aa  _USER11_ISR                     
0     003380b4  _USER12_ISR                     
0     00338046  _USER1_ISR                      
0     00338050  _USER2_ISR                      
0     0033805a  _USER3_ISR                      
0     00338064  _USER4_ISR                      
0     0033806e  _USER5_ISR                      
0     00338078  _USER6_ISR                      
0     00338082  _USER7_ISR                      
0     0033808c  _USER8_ISR                      
0     00338096  _USER9_ISR                      
1     0000c0f3  _Uarta_STA                      
1     0000c0f4  _Uartb_STA                      
0     003380fa  _WAKEINT_ISR                    
0     003380d2  _XINT1_ISR                      
0     003380dc  _XINT2_ISR                      
0     003382bc  _XINT3_ISR                      
0     003382c6  _XINT4_ISR                      
0     003382d0  _XINT5_ISR                      
0     003382da  _XINT6_ISR                      
0     003382e4  _XINT7_ISR                      
1     00007070  _XIntruptRegs                   
1     00000b20  _XintfRegs                      
1     00000700  __STACK_END                     
abs   00000300  __STACK_SIZE                    
1     0000c108  ___TI_cleanup_ptr               
1     0000c10a  ___TI_dtors_ptr                 
1     0000c106  ___TI_enable_exit_profile_output
abs   ffffffff  ___TI_pprof_out_hndl            
abs   ffffffff  ___TI_prof_data_size            
abs   ffffffff  ___TI_prof_data_start           
abs   ffffffff  ___binit__                      
abs   ffffffff  ___c_args__                     
0     003399fd  ___cinit__                      
0     00339380  ___etext__                      
abs   ffffffff  ___pinit__                      
0     00338000  ___text__                       
0     0033934f  __args_main                     
1     0000c0fe  __lock                          
0     00339374  __nop                           
0     00339370  __register_lock                 
0     0033936c  __register_unlock               
1     00000400  __stack                         
0     0033937f  __system_post_cinit             
0     0033937d  __system_pre_init               
1     0000c118  __unlock                        
0     0033924e  _abort                          
0     00338575  _autoAdjust                     
0     0033910a  _c_int00                        
0     0033929f  _copy_in                        
1     0000c10e  _count_2s                       
1     0000c10c  _count_5s                       
1     0000c0e9  _data_page                      
0     00338323  _delay                          
0     00339322  _epwm1_tzint_isr                
0     00339250  _exit                           
0     003385ba  _fan_operation                  
1     0000c0eb  _fan_rotate                     
1     0000c10f  _flag_2s                        
1     0000c10d  _flag_5s                        
1     0000c11a  _flag_key                       
1     0000c0f8  _humi                           
1     0000c0ee  _humidity                       
1     0000c110  _key                            
1     0000c11b  _key_code                       
1     0000c0e8  _key_lcd                        
0     0033840a  _key_operation                  
0     0033920d  _leftRotate                     
0     0033833b  _main                           
0     00339305  _memcpy                         
1     0000c0f6  _msg                            
0     00339214  _rightRotate                    
0     00338319  _rsvd_ISR                       
1     0000c0ea  _settings_page                  
0     003384a1  _show_data                      
0     003384d4  _show_settings                  
0     0033921b  _stopRotate                     
1     0000c100  _temp                           
1     0000c0ec  _temperature                    
1     0000c07c  _thre_lower                     
1     0000c111  _thre_upper                     
1     0000c0e5  _threshold_lower                
1     0000c0e7  _threshold_lower_temp           
1     0000c0e4  _threshold_upper                
1     0000c0e6  _threshold_upper_temp           
0     00338402  _wait_OK                        
abs   ffffffff  binit                           
0     003399fd  cinit                           
0     0033fff6  code_start                      
0     00339380  etext                           
abs   ffffffff  pinit                           


GLOBAL SYMBOLS: SORTED BY Symbol Address 

page  address   name                            
----  -------   ----                            
0     00008000  _InitFlash                      
0     00008000  _RamfuncsRunStart               
0     0000801b  _DSP28x_usDelay                 
0     00320000  _RamfuncsLoadStart              
0     0032001f  _RamfuncsLoadEnd                
0     00338000  .text                           
0     00338000  _INT13_ISR                      
0     00338000  ___text__                       
0     0033800a  _INT14_ISR                      
0     00338014  _DATALOG_ISR                    
0     0033801e  _RTOSINT_ISR                    
0     00338028  _EMUINT_ISR                     
0     00338032  _NMI_ISR                        
0     0033803c  _ILLEGAL_ISR                    
0     00338046  _USER1_ISR                      
0     00338050  _USER2_ISR                      
0     0033805a  _USER3_ISR                      
0     00338064  _USER4_ISR                      
0     0033806e  _USER5_ISR                      
0     00338078  _USER6_ISR                      
0     00338082  _USER7_ISR                      
0     0033808c  _USER8_ISR                      
0     00338096  _USER9_ISR                      
0     003380a0  _USER10_ISR                     
0     003380aa  _USER11_ISR                     
0     003380b4  _USER12_ISR                     
0     003380be  _SEQ1INT_ISR                    
0     003380c8  _SEQ2INT_ISR                    
0     003380d2  _XINT1_ISR                      
0     003380dc  _XINT2_ISR                      
0     003380e6  _ADCINT_ISR                     
0     003380f0  _TINT0_ISR                      
0     003380fa  _WAKEINT_ISR                    
0     00338104  _EPWM1_TZINT_ISR                
0     0033810e  _EPWM2_TZINT_ISR                
0     00338118  _EPWM3_TZINT_ISR                
0     00338122  _EPWM4_TZINT_ISR                
0     0033812c  _EPWM5_TZINT_ISR                
0     00338136  _EPWM6_TZINT_ISR                
0     00338140  _EPWM1_INT_ISR                  
0     0033814a  _EPWM2_INT_ISR                  
0     00338154  _EPWM3_INT_ISR                  
0     0033815e  _EPWM4_INT_ISR                  
0     00338168  _EPWM5_INT_ISR                  
0     00338172  _EPWM6_INT_ISR                  
0     0033817c  _ECAP1_INT_ISR                  
0     00338186  _ECAP2_INT_ISR                  
0     00338190  _ECAP3_INT_ISR                  
0     0033819a  _ECAP4_INT_ISR                  
0     003381a4  _ECAP5_INT_ISR                  
0     003381ae  _ECAP6_INT_ISR                  
0     003381b8  _EQEP1_INT_ISR                  
0     003381c2  _EQEP2_INT_ISR                  
0     003381cc  _SPIRXINTA_ISR                  
0     003381d6  _SPITXINTA_ISR                  
0     003381e0  _MRINTB_ISR                     
0     003381ea  _MXINTB_ISR                     
0     003381f4  _MRINTA_ISR                     
0     003381fe  _MXINTA_ISR                     
0     00338208  _DINTCH1_ISR                    
0     00338212  _DINTCH2_ISR                    
0     0033821c  _DINTCH3_ISR                    
0     00338226  _DINTCH4_ISR                    
0     00338230  _DINTCH5_ISR                    
0     0033823a  _DINTCH6_ISR                    
0     00338244  _I2CINT1A_ISR                   
0     0033824e  _I2CINT2A_ISR                   
0     00338258  _SCIRXINTC_ISR                  
0     00338262  _SCITXINTC_ISR                  
0     0033826c  _SCIRXINTA_ISR                  
0     00338276  _SCITXINTA_ISR                  
0     00338280  _SCIRXINTB_ISR                  
0     0033828a  _SCITXINTB_ISR                  
0     00338294  _ECAN0INTA_ISR                  
0     0033829e  _ECAN1INTA_ISR                  
0     003382a8  _ECAN0INTB_ISR                  
0     003382b2  _ECAN1INTB_ISR                  
0     003382bc  _XINT3_ISR                      
0     003382c6  _XINT4_ISR                      
0     003382d0  _XINT5_ISR                      
0     003382da  _XINT6_ISR                      
0     003382e4  _XINT7_ISR                      
0     003382ee  _LVF_ISR                        
0     003382f8  _LUF_ISR                        
0     00338302  _EMPTY_ISR                      
0     0033830f  _PIE_RESERVED                   
0     00338319  _rsvd_ISR                       
0     00338323  _delay                          
0     0033833b  _main                           
0     00338402  _wait_OK                        
0     0033840a  _key_operation                  
0     003384a1  _show_data                      
0     003384d4  _show_settings                  
0     00338539  _ThresholdAdd                   
0     00338557  _ThresholdSub                   
0     00338575  _autoAdjust                     
0     003385ba  _fan_operation                  
0     003385d5  _IICA_Init                      
0     003385ef  _SDA_OUT                        
0     003385f7  _SDA_IN                         
0     003385ff  _IIC_Start                      
0     00338616  _IIC_Stop                       
0     0033862b  _IIC_Wait_Ack                   
0     0033864f  _IIC_Ack                        
0     00338668  _IIC_NAck                       
0     00338681  _IIC_Send_Byte                  
0     003386b2  _IIC_Read_Byte                  
0     003386dd  _IICB_Init                      
0     003386f7  _SDA_OUT_B                      
0     003386ff  _SDA_IN_B                       
0     00338707  _IIC_B_Start                    
0     0033871e  _IIC_B_Stop                     
0     00338733  _IIC_B_Wait_Ack                 
0     00338757  _IIC_B_Ack                      
0     00338770  _IIC_B_NAck                     
0     00338789  _IIC_B_Send_Byte                
0     003387ba  _IIC_B_Read_Byte                
0     003387e5  _LCD9648_SendData               
0     0033880b  _LCD9648_WriteCmd               
0     00338822  _LCD9648_WriteData              
0     00338839  _LCD9648_GPIO_Init              
0     0033885b  _LCD9648_Init                   
0     00338891  _LCD9648_Clear                  
0     003388b4  _LCD9648_Write16CnCHAR          
0     00338935  _LCD9648_Write8CnCHAR           
0     003389a8  _LCD9648_ClearTest              
0     003389f2  _KEY_Init                       
0     00338a28  _KEY_Scan                       
0     00338b02  _UARTa_Init                     
0     00338b4d  _UARTa_SendByte                 
0     00338b59  _UARTa_SendString               
0     00338b6c  _UARTa_Clear                    
0     00338b81  _UARTb_Init                     
0     00338bcc  _UARTb_SendByte                 
0     00338bd8  _UARTb_SendString               
0     00338beb  _UARTb_Clear                    
0     00338bfd  _InitSysCtrl                    
0     00338c06  _ServiceDog                     
0     00338c10  _DisableDog                     
0     00338c18  _InitPll                        
0     00338c68  _InitPeripheralClocks           
0     00338cc3  _CsmUnlock                      
0     00338cf4  _EXTI1_IRQn                     
0     00338d99  _EXTI2_IRQn                     
0     00338dbb  _SCIA_RXIRQn                    
0     00338e1c  _SCIB_RXIRQn                    
0     00338e77  _TIM0_Init                      
0     00338eb1  _TIM1_Init                      
0     00338ee7  _TIM2_Init                      
0     00338f1d  FS$$DIV                         
0     00338fa5  _SHT30_Init                     
0     00338fbd  _READ_IIC_B_DATA                
0     00339018  _Measure_Peroid_Mode            
0     0033902a  _InitCpuTimers                  
0     0033906b  _ConfigCpuTimer                 
0     003390a5  _TIM0_IRQn                      
0     003390c6  _TIM1_IRQn                      
0     003390fa  _TIM2_IRQn                      
0     0033910a  _c_int00                        
0     00339160  _InitSci                        
0     00339161  _InitSciGpio                    
0     00339166  _InitSciaGpio                   
0     0033917b  _InitScibGpio                   
0     0033918f  _InitScicGpio                   
0     003391a5  _LED_Init                       
0     003391e9  _DC_Motor_Init                  
0     0033920d  _leftRotate                     
0     00339214  _rightRotate                    
0     0033921b  _stopRotate                     
0     00339222  _BEEP_Init                      
0     00339236  _BEEP_Play                      
0     00339249  _BEEP_STOP                      
0     0033924e  C$$EXIT                         
0     0033924e  _abort                          
0     00339250  _exit                           
0     00339277  _InitPieCtrl                    
0     00339296  _EnableInterrupts               
0     0033929f  _copy_in                        
0     003392c3  I$$DIV                          
0     003392d4  I$$MOD                          
0     003392e5  _InitPieVectTable               
0     00339305  _memcpy                         
0     00339322  _epwm1_tzint_isr                
0     0033933c  _MemCopy                        
0     0033934f  __args_main                     
0     00339361  U$$DIV                          
0     00339366  U$$MOD                          
0     0033936c  __register_unlock               
0     00339370  __register_lock                 
0     00339374  __nop                           
0     0033937d  __system_pre_init               
0     0033937f  __system_post_cinit             
0     00339380  _CN16CHAR                       
0     00339380  ___etext__                      
0     00339380  etext                           
0     00339606  _CN8CHAR                        
0     0033988c  _PieVectTableInit               
0     003399fd  ___cinit__                      
0     003399fd  cinit                           
0     0033fff6  code_start                      
0     00380080  _ADC_cal                        
1     00000400  __stack                         
1     00000700  __STACK_END                     
1     00000880  _DevEmuRegs                     
1     00000a80  _FlashRegs                      
1     00000ae0  _CsmRegs                        
1     00000b00  _AdcMirror                      
1     00000b20  _XintfRegs                      
1     00000c00  _CpuTimer0Regs                  
1     00000c08  _CpuTimer1Regs                  
1     00000c10  _CpuTimer2Regs                  
1     00000ce0  _PieCtrlRegs                    
1     00000d00  _PieVectTable                   
1     00001000  _DmaRegs                        
1     00005000  _McbspaRegs                     
1     00005040  _McbspbRegs                     
1     00006000  _ECanaRegs                      
1     00006040  _ECanaLAMRegs                   
1     00006080  _ECanaMOTSRegs                  
1     000060c0  _ECanaMOTORegs                  
1     00006100  _ECanaMboxes                    
1     00006200  _ECanbRegs                      
1     00006240  _ECanbLAMRegs                   
1     00006280  _ECanbMOTSRegs                  
1     000062c0  _ECanbMOTORegs                  
1     00006300  _ECanbMboxes                    
1     00006800  _EPwm1Regs                      
1     00006840  _EPwm2Regs                      
1     00006880  _EPwm3Regs                      
1     000068c0  _EPwm4Regs                      
1     00006900  _EPwm5Regs                      
1     00006940  _EPwm6Regs                      
1     00006a00  _ECap1Regs                      
1     00006a20  _ECap2Regs                      
1     00006a40  _ECap3Regs                      
1     00006a60  _ECap4Regs                      
1     00006a80  _ECap5Regs                      
1     00006aa0  _ECap6Regs                      
1     00006b00  _EQep1Regs                      
1     00006b40  _EQep2Regs                      
1     00006f80  _GpioCtrlRegs                   
1     00006fc0  _GpioDataRegs                   
1     00006fe0  _GpioIntRegs                    
1     00007010  _SysCtrlRegs                    
1     00007040  _SpiaRegs                       
1     00007050  _SciaRegs                       
1     00007070  _XIntruptRegs                   
1     00007100  _AdcRegs                        
1     00007750  _ScibRegs                       
1     00007770  _ScicRegs                       
1     00007900  _I2caRegs                       
1     0000c000  _SCIA_RxBUF                     
1     0000c064  _CpuTimer0                      
1     0000c06c  _CpuTimer1                      
1     0000c074  _CpuTimer2                      
1     0000c07c  _thre_lower                     
1     0000c080  _SCIB_RxBUF                     
1     0000c0e4  _threshold_upper                
1     0000c0e5  _threshold_lower                
1     0000c0e6  _threshold_upper_temp           
1     0000c0e7  _threshold_lower_temp           
1     0000c0e8  _key_lcd                        
1     0000c0e9  _data_page                      
1     0000c0ea  _settings_page                  
1     0000c0eb  _fan_rotate                     
1     0000c0ec  _temperature                    
1     0000c0ee  _humidity                       
1     0000c0f0  _Flag_Uarta_Receive             
1     0000c0f1  _Flag_Uartb_Receive             
1     0000c0f2  _Flag_Uartb_Receive_OK          
1     0000c0f3  _Uarta_STA                      
1     0000c0f4  _Uartb_STA                      
1     0000c0f6  _msg                            
1     0000c0f8  _humi                           
1     0000c0fe  __lock                          
1     0000c100  _temp                           
1     0000c106  ___TI_enable_exit_profile_output
1     0000c108  ___TI_cleanup_ptr               
1     0000c10a  ___TI_dtors_ptr                 
1     0000c10c  _count_5s                       
1     0000c10d  _flag_5s                        
1     0000c10e  _count_2s                       
1     0000c10f  _flag_2s                        
1     0000c110  _key                            
1     0000c111  _thre_upper                     
1     0000c118  __unlock                        
1     0000c11a  _flag_key                       
1     0000c11b  _key_code                       
1     0033fff8  _CsmPwl                         
abs   00000300  __STACK_SIZE                    
abs   ffffffff  ___TI_pprof_out_hndl            
abs   ffffffff  ___TI_prof_data_size            
abs   ffffffff  ___TI_prof_data_start           
abs   ffffffff  ___binit__                      
abs   ffffffff  ___c_args__                     
abs   ffffffff  ___pinit__                      
abs   ffffffff  binit                           
abs   ffffffff  pinit                           

[298 symbols]
